// Jest Snapshot v1, https://goo.gl/fbAQLP

exports[`should take a snapshot 1`] = `
<tr>
  <td>
    <span
      className="badge"
    />
  </td>
  <td>
    Invalid date
  </td>
  <td>
    
  </td>
  <td />
</tr>
`;
