// Jest Snapshot v1, https://goo.gl/fbAQLP

exports[`StyledItem renders correctly with the required props 1`] = `
<div
  className=""
/>
`;
