// Jest Snapshot v1, https://goo.gl/fbAQLP

exports[`renders correctly with default props 1`] = `
.c0 {
  box-shadow: none;
}

<div>
  <div
    class="c0 source-details border-0 card"
  >
    <div
      class="card-body"
    >
      <div
        class="nav-pills-danger nav nav-pills"
        role="tablist"
      >
        <div
          class="nav-item"
        >
          <a
            aria-controls="react-aria969188250-1-tabpane-metadata"
            aria-selected="true"
            class="nav-link active"
            data-rr-ui-event-key="metadata"
            id="react-aria969188250-1-tab-metadata"
            role="tab"
          >
            Metadata
          </a>
        </div>
        <div
          class="nav-item"
        >
          <a
            aria-controls="react-aria969188250-1-tabpane-columns"
            class="nav-link"
            data-rr-ui-event-key="columns"
            id="react-aria969188250-1-tab-columns"
            role="tab"
            tabindex="-1"
          >
            Columns
          </a>
        </div>
        <div
          class="nav-item"
        >
          <a
            aria-controls="react-aria969188250-1-tabpane-history"
            class="nav-link"
            data-rr-ui-event-key="history"
            id="react-aria969188250-1-tab-history"
            role="tab"
            tabindex="-1"
          >
            Update History
          </a>
        </div>
      </div>
      <div
        class="tab-content"
      >
        <div
          aria-labelledby="react-aria969188250-1-tab-metadata"
          class="fade tab-pane active show"
          id="react-aria969188250-1-tabpane-metadata"
          role="tabpanel"
        >
          <div
            class="font-weight-bold"
          >
            Source
          </div>
          <div
            class="font-weight-light"
          >
            <span
              class="text-uppercase"
            >
               (msc)
            </span>
          </div>
          <div
            class="font-weight-bold"
          >
            Abstract
          </div>
          <div
            class="font-weight-light"
          />
          <hr />
          <div
            class="font-weight-light"
          >
            <a
              rel="noreferrer"
              target="_blank"
            >
              <i
                class="material-icons mr-2"
              >
                business
              </i>
              <span
                class="align-middle"
              />
            </a>
          </div>
          <div
            class="font-weight-light"
          >
            <a
              rel="noreferrer"
              target="_blank"
            >
              <i
                class="material-icons mr-2"
              >
                cloud_download
              </i>
              <span
                class="align-middle"
              />
            </a>
          </div>
        </div>
        <div
          aria-labelledby="react-aria969188250-1-tab-columns"
          class="fade tab-pane"
          id="react-aria969188250-1-tabpane-columns"
          role="tabpanel"
        >
          <div>
            <div>
              <table
                class="source-columns-table table table-sm"
              >
                <tbody>
                  <tr>
                    <td
                      colspan="1"
                    >
                      Column Uno (Column 1)
                    </td>
                    <td
                      class="text-right"
                    >
                      <i
                        class="material-icons"
                        data-testid="info-trigger"
                      >
                        info
                      </i>
                    </td>
                  </tr>
                </tbody>
              </table>
            </div>
            <div
              class="row"
            >
              <div
                class="col"
              >
                <ul
                  class="pagination"
                >
                  <li
                    class="page-item disabled"
                  >
                    <a
                      aria-disabled="true"
                      aria-label="Previous page"
                      class="page-link "
                      rel="prev"
                      role="button"
                      tabindex="-1"
                    >
                      <span
                        aria-hidden="true"
                      >
                        Previous
                      </span>
                      <span
                        class="sr-only"
                      >
                        Previous
                      </span>
                      <div
                        class="ripple-container"
                      />
                    </a>
                  </li>
                  <li
                    class="page-item active"
                  >
                    <a
                      aria-current="page"
                      aria-label="Page 1 is your current page"
                      class="page-link"
                      rel="canonical"
                      role="button"
                      tabindex="-1"
                    >
                      1
                    </a>
                  </li>
                  <li
                    class="page-item disabled"
                  >
                    <a
                      aria-disabled="true"
                      aria-label="Next page"
                      class="page-link "
                      rel="next"
                      role="button"
                      tabindex="-1"
                    >
                      <span
                        aria-hidden="true"
                      >
                        Next
                      </span>
                      <span
                        class="sr-only"
                      >
                        Next
                      </span>
                      <div
                        class="ripple-container"
                      />
                    </a>
                  </li>
                </ul>
              </div>
            </div>
          </div>
        </div>
        <div
          aria-labelledby="react-aria969188250-1-tab-history"
          class="fade tab-pane"
          id="react-aria969188250-1-tabpane-history"
          role="tabpanel"
        >
          <div>
            <div>
              <table
                class="source-columns-table table table-sm"
              >
                <tbody>
                  <tr>
                    <td
                      colspan="1"
                    >
                      Sun Aug 19 2018 23:15:30 GMT+0300 (East Africa Time)
                    </td>
                    <td
                      class="text-right"
                    >
                      <i
                        class="material-icons"
                        data-testid="info-trigger"
                      >
                        info
                      </i>
                    </td>
                  </tr>
                </tbody>
              </table>
            </div>
          </div>
        </div>
      </div>
    </div>
  </div>
</div>
`;
