// Jest Snapshot v1, https://goo.gl/fbAQLP

exports[`Wizard renders the default structure correctly 1`] = `
.c1.nav {
  border-radius: inherit !important;
  margin: inherit !important;
  padding: inherit !important;
}

.c0 {
  opacity: 1;
  box-shadow: 0 1px 4px 0 rgba(0,0,0,0.14);
}

<div
  className="wizard-container"
>
  <div
    className="c0 card-wizard card"
    data-color="red"
  >
    <div
      className="wizard-navigation"
    >
      <div
        className="c1 nav nav-pills"
        onKeyDown={[Function]}
        role="tablist"
      />
    </div>
    <div
      className="card-footer"
    >
      <div
        className="mr-auto"
      >
        <button
          className="btn-previous btn-fill btn-wd btn-default d-none btn btn-primary"
          disabled={false}
          onClick={[Function]}
          type="button"
        >
          Previous
        </button>
      </div>
      <div
        className="ml-auto"
      >
        <button
          className="btn btn-next btn-fill btn-wd d-none btn btn-danger"
          disabled={false}
          onClick={[Function]}
          type="button"
        >
          Next
        </button>
        <button
          className="btn btn-fill btn-wd d-none btn btn-danger"
          disabled={false}
          name="finish"
          onClick={[Function]}
          type="button"
        >
          Finish
        </button>
      </div>
      <div
        className="clearfix"
      />
    </div>
  </div>
</div>
`;

exports[`Wizard renders with children 1`] = `
.c1.nav {
  border-radius: inherit !important;
  margin: inherit !important;
  padding: inherit !important;
}

.c0 {
  opacity: 1;
  box-shadow: 0 1px 4px 0 rgba(0,0,0,0.14);
}

<div
  className="wizard-container"
>
  <div
    className="c0 card-wizard card"
    data-color="red"
  >
    <div
      className="wizard-navigation"
    >
      <div
        className="c1 nav nav-pills"
        onKeyDown={[Function]}
        role="tablist"
      />
    </div>
    <div
      className="card-footer"
    >
      <div
        className="mr-auto"
      >
        <button
          className="btn-previous btn-fill btn-wd btn-default d-none btn btn-primary"
          disabled={false}
          onClick={[Function]}
          type="button"
        >
          Previous
        </button>
      </div>
      <div
        className="ml-auto"
      >
        <button
          className="btn btn-next btn-fill btn-wd d-none btn btn-danger"
          disabled={false}
          onClick={[Function]}
          type="button"
        >
          Next
        </button>
        <button
          className="btn btn-fill btn-wd d-none btn btn-danger"
          disabled={false}
          name="finish"
          onClick={[Function]}
          type="button"
        >
          Finish
        </button>
      </div>
      <div
        className="clearfix"
      />
    </div>
  </div>
</div>
`;
